~/test-1-ajazali123$ gcc p0original.c
~/test-1-ajazali123$ gdb a.out
GNU gdb (Ubuntu 8.1.1-0ubuntu1) 8.1.1
Copyright (C) 2018 Free Software Foundation, Inc.
License GPLv3+: GNU GPL version 3 or later <http://gnu.org/licenses/gpl.html>
This is free software: you are free to change and redistribute it.
There is NO WARRANTY, to the extent permitted by law.  Type "show copying"
and "show warranty" for details.
This GDB was configured as "x86_64-linux-gnu".
Type "show configuration" for configuration details.
For bug reporting instructions, please see:
<http://www.gnu.org/software/gdb/bugs/>.
Find the GDB manual and other documentation resources online at:
<http://www.gnu.org/software/gdb/documentation/>.
For help, type "help".
Type "apropos word" to search for commands related to "word"...
Reading symbols from a.out...(no debugging symbols found)...done.
(gdb) b main 
Breakpoint 1 at 0x64e
(gdb) r
Starting program: /home/runner/test-1-ajazali123/a.out 
warning: Error disabling address space randomization: Operation not permitted

Breakpoint 1, 0x000055f55f00064e in main ()
(gdb) n
Single stepping until exit from function main,
which has no line number information.
__libc_start_main (main=0x55f55f00064a <main>, argc=1, argv=0x7ffc4a3239b8, 
    init=<optimized out>, fini=<optimized out>, rtld_fini=<optimized out>, 
    stack_end=0x7ffc4a3239a8) at ../csu/libc-start.c:344
344 ../csu/libc-start.c: No such file or directory.
(gdb) n
my name is ali[Inferior 1 (process 137) exited normally]
(gdb) n
The program is not being run.
(gdb) r
Starting program: /home/runner/test-1-ajazali123/a.out 
warning: Error disabling address space randomization: Operation not permitted

Breakpoint 1, 0x00005561be60064e in main ()
(gdb) n
Single stepping until exit from function main,
which has no line number information.
__libc_start_main (main=0x5561be60064a <main>, argc=1, argv=0x7ffe4eacbc48, 
    init=<optimized out>, fini=<optimized out>, rtld_fini=<optimized out>, 
    stack_end=0x7ffe4eacbc38) at ../csu/libc-start.c:344
344 ../csu/libc-start.c: No such file or directory.
(gdb) n
my name is ali[Inferior 1 (process 141) exited normally]
(gdb) quit
